// Jest Snapshot v1, https://goo.gl/fbAQLP

exports[`snapshots should match 1`] = `
Object {
  "envs": Array [
    Object {
      "baseUrl": "https://stoplight.io/mocks/some/sub-some/123123",
      "id": "0",
      "name": "cloud mock",
      "queryParams": Object {},
    },
    Object {
      "baseUrl": "http://185.0.0.1:3100",
      "id": "1",
      "name": "local mock",
      "queryParams": Object {},
    },
    Object {
      "baseUrl": "https://some.someweb.com/api",
      "id": "2",
      "name": "dev",
      "queryParams": Object {},
    },
  ],
  "id": "title",
  "urls": Array [
    Object {
      "id": "post-auth-confirm",
      "method": "POST",
      "name": "verification",
      "responses": Array [
        Object {
          "code": "200",
          "examples": Array [],
        },
        Object {
          "code": "403",
          "examples": Array [],
        },
        Object {
          "code": "422",
          "examples": Array [],
        },
        Object {
          "code": "500",
          "examples": Array [],
        },
      ],
      "tags": Array [
        "auth",
      ],
      "template": "/auth/v1/confirm",
    },
  ],
}
`;
